// Jest Snapshot v1, https://jestjs.io/docs/snapshot-testing

exports[`OutlinedButton matches snapshot 1`] = `
<button
  class="relative text-xs lg:text-sm flex items-center bg-dp-softer-ma-cream hover:bg-dp-ma-orange text-dp-highlighter-ma-green font-primary-font uppercase font-bold px-4 py-3.5 rounded-4xl border-2 border-dp-dark md:px-9 md:py-4 hover:border-dp-ma-orange transition-all group shadow-2xl cursor-pointer"
>
  <span
    class="text-dp-highlighter-ma-green group-hover:text-dp-softer-ma-cream translate-x-2 transition-all group-hover:-translate-x-1"
  >
    Click Me
  </span>
   
  <svg
    class="fill-dp-softer-ma-cream group-hover:fill-dp-softer-ma-cream translate-x-0 opacity-0 transition-all group-hover:translate-x-1 group-hover:opacity-100"
    height="1em"
    viewBox="0 0 448 512"
    width="1em"
    xmlns="http://www.w3.org/2000/svg"
  >
    <path
      d="M440.6 273.4c4.7-4.5 7.4-10.8 7.4-17.4s-2.7-12.8-7.4-17.4l-176-168c-9.6-9.2-24.8-8.8-33.9.8s-8.8 24.8.8 33.9L364.1 232H24c-13.3 0-24 10.7-24 24s10.7 24 24 24h340.1L231.4 406.6c-9.6 9.2-9.9 24.3-.8 33.9s24.3 9.9 33.9.8l176-168z"
    />
  </svg>
</button>
`;
